(^|\.)betonstroy-samara\.ru
(^|\.)beton-samarazavod\.ru
(^|\.)zavod-betonsamara\.ru
(^|\.)leopipe\.ru
(^|\.)kronotech\.ru
(^|\.)pkprom\.com
(^|\.)str-t\.ru
(^|\.)lesa-ufa\.ru
(^|\.)betonstroy-samara\.ru
(^|\.)beton-samarazavod\.ru
(^|\.)zavod-betonsamara\.ru
(^|\.)leopipe\.ru
(^|\.)kronotech\.ru
(^|\.)pkprom\.com
(^|\.)str-t\.ru
(^|\.)lesa-ufa\.ru
(^|\.)betonstroy-samara\.ru
(^|\.)beton-samarazavod\.ru
(^|\.)zavod-betonsamara\.ru
(^|\.)leopipe\.ru
(^|\.)kronotech\.ru
(^|\.)pkprom\.com
(^|\.)str-t\.ru
(^|\.)lesa-ufa\.ru
(^|\.)betonstroy-samara\.ru
(^|\.)beton-samarazavod\.ru
(^|\.)zavod-betonsamara\.ru
(^|\.)leopipe\.ru
(^|\.)kronotech\.ru
(^|\.)pkprom\.com
(^|\.)str-t\.ru
(^|\.)lesa-ufa\.ru
(^|\.)betonstroy-samara\.ru
(^|\.)beton-samarazavod\.ru
(^|\.)zavod-betonsamara\.ru
(^|\.)leopipe\.ru
(^|\.)kronotech\.ru
(^|\.)pkprom\.com
(^|\.)str-t\.ru
(^|\.)lesa-ufa\.ru
(^|\.)betonstroy-samara\.ru
(^|\.)beton-samarazavod\.ru
(^|\.)zavod-betonsamara\.ru
(^|\.)leopipe\.ru
(^|\.)kronotech\.ru
(^|\.)pkprom\.com
(^|\.)str-t\.ru
(^|\.)lesa-ufa\.ru
(^|\.)betonstroy-samara\.ru
(^|\.)beton-samarazavod\.ru
(^|\.)zavod-betonsamara\.ru
(^|\.)leopipe\.ru
(^|\.)kronotech\.ru
(^|\.)pkprom\.com
(^|\.)str-t\.ru
(^|\.)lesa-ufa\.ru
(^|\.)betonstroy-samara\.ru
(^|\.)beton-samarazavod\.ru
(^|\.)zavod-betonsamara\.ru
(^|\.)leopipe\.ru
(^|\.)kronotech\.ru
(^|\.)pkprom\.com
(^|\.)str-t\.ru
(^|\.)lesa-ufa\.ru
(^|\.)betonstroy-samara\.ru
(^|\.)beton-samarazavod\.ru
(^|\.)zavod-betonsamara\.ru
(^|\.)leopipe\.ru
(^|\.)kronotech\.ru
(^|\.)pkprom\.com
(^|\.)str-t\.ru
(^|\.)lesa-ufa\.ru
(^|\.)betonstroy-samara\.ru
(^|\.)beton-samarazavod\.ru
(^|\.)zavod-betonsamara\.ru
(^|\.)leopipe\.ru
(^|\.)kronotech\.ru
(^|\.)pkprom\.com
(^|\.)str-t\.ru
(^|\.)lesa-ufa\.ru
(^|\.)betonstroy-samara\.ru
(^|\.)beton-samarazavod\.ru
(^|\.)zavod-betonsamara\.ru
(^|\.)leopipe\.ru
(^|\.)kronotech\.ru
(^|\.)pkprom\.com
(^|\.)str-t\.ru
(^|\.)lesa-ufa\.ru
(^|\.)betonstroy-samara\.ru
(^|\.)beton-samarazavod\.ru
(^|\.)zavod-betonsamara\.ru
(^|\.)leopipe\.ru
(^|\.)kronotech\.ru
(^|\.)pkprom\.com
(^|\.)str-t\.ru
(^|\.)lesa-ufa\.ru
(^|\.)betonstroy-samara\.ru
(^|\.)beton-samarazavod\.ru
(^|\.)zavod-betonsamara\.ru
(^|\.)leopipe\.ru
(^|\.)kronotech\.ru
(^|\.)pkprom\.com
(^|\.)str-t\.ru
(^|\.)lesa-ufa\.ru
(^|\.)betonstroy-samara\.ru
(^|\.)beton-samarazavod\.ru
(^|\.)zavod-betonsamara\.ru
(^|\.)leopipe\.ru
(^|\.)kronotech\.ru
(^|\.)pkprom\.com
(^|\.)str-t\.ru
(^|\.)lesa-ufa\.ru
(^|\.)betonstroy-samara\.ru
(^|\.)beton-samarazavod\.ru
(^|\.)zavod-betonsamara\.ru
(^|\.)leopipe\.ru
(^|\.)kronotech\.ru
(^|\.)pkprom\.com
(^|\.)str-t\.ru
(^|\.)lesa-ufa\.ru
(^|\.)betonstroy-samara\.ru
(^|\.)beton-samarazavod\.ru
(^|\.)zavod-betonsamara\.ru
(^|\.)leopipe\.ru
(^|\.)kronotech\.ru
(^|\.)pkprom\.com
(^|\.)str-t\.ru
(^|\.)lesa-ufa\.ru
(^|\.)betonstroy-samara\.ru
(^|\.)beton-samarazavod\.ru
(^|\.)zavod-betonsamara\.ru
(^|\.)leopipe\.ru
(^|\.)kronotech\.ru
(^|\.)pkprom\.com
(^|\.)str-t\.ru
(^|\.)lesa-ufa\.ru
(^|\.)betonstroy-samara\.ru
(^|\.)beton-samarazavod\.ru
(^|\.)zavod-betonsamara\.ru
(^|\.)leopipe\.ru
(^|\.)kronotech\.ru
(^|\.)pkprom\.com
(^|\.)str-t\.ru
(^|\.)lesa-ufa\.ru
(^|\.)betonstroy-samara\.ru
(^|\.)beton-samarazavod\.ru
(^|\.)zavod-betonsamara\.ru
(^|\.)leopipe\.ru
(^|\.)kronotech\.ru
(^|\.)pkprom\.com
(^|\.)str-t\.ru
(^|\.)lesa-ufa\.ru
(^|\.)betonstroy-samara\.ru
(^|\.)beton-samarazavod\.ru
(^|\.)zavod-betonsamara\.ru
(^|\.)leopipe\.ru
(^|\.)kronotech\.ru
(^|\.)pkprom\.com
(^|\.)str-t\.ru
(^|\.)lesa-ufa\.ru
(^|\.)betonstroy-samara\.ru
(^|\.)beton-samarazavod\.ru
(^|\.)zavod-betonsamara\.ru
(^|\.)leopipe\.ru
(^|\.)kronotech\.ru
(^|\.)pkprom\.com
(^|\.)str-t\.ru
(^|\.)lesa-ufa\.ru
(^|\.)betonstroy-samara\.ru
(^|\.)beton-samarazavod\.ru
(^|\.)zavod-betonsamara\.ru
(^|\.)leopipe\.ru
(^|\.)kronotech\.ru
(^|\.)pkprom\.com
(^|\.)str-t\.ru
(^|\.)lesa-ufa\.ru
(^|\.)betonstroy-samara\.ru
(^|\.)beton-samarazavod\.ru
(^|\.)zavod-betonsamara\.ru
(^|\.)leopipe\.ru
(^|\.)kronotech\.ru
(^|\.)pkprom\.com
(^|\.)str-t\.ru
(^|\.)lesa-ufa\.ru
(^|\.)betonstroy-samara\.ru
(^|\.)beton-samarazavod\.ru
(^|\.)zavod-betonsamara\.ru
(^|\.)leopipe\.ru
(^|\.)kronotech\.ru
(^|\.)pkprom\.com
(^|\.)str-t\.ru
(^|\.)lesa-ufa\.ru
(^|\.)betonstroy-samara\.ru
(^|\.)beton-samarazavod\.ru
(^|\.)zavod-betonsamara\.ru
(^|\.)leopipe\.ru
(^|\.)kronotech\.ru
(^|\.)pkprom\.com
(^|\.)str-t\.ru
(^|\.)lesa-ufa\.ru
(^|\.)betonstroy-samara\.ru
(^|\.)beton-samarazavod\.ru
(^|\.)zavod-betonsamara\.ru
(^|\.)leopipe\.ru
(^|\.)kronotech\.ru
(^|\.)pkprom\.com
(^|\.)str-t\.ru
(^|\.)lesa-ufa\.ru
(^|\.)betonstroy-samara\.ru
(^|\.)beton-samarazavod\.ru
(^|\.)zavod-betonsamara\.ru
(^|\.)leopipe\.ru
(^|\.)kronotech\.ru
(^|\.)pkprom\.com
(^|\.)str-t\.ru
(^|\.)lesa-ufa\.ru
(^|\.)betonstroy-samara\.ru
(^|\.)beton-samarazavod\.ru
(^|\.)zavod-betonsamara\.ru
(^|\.)leopipe\.ru
(^|\.)kronotech\.ru
(^|\.)pkprom\.com
(^|\.)str-t\.ru
(^|\.)lesa-ufa\.ru
(^|\.)betonstroy-samara\.ru
(^|\.)beton-samarazavod\.ru
(^|\.)zavod-betonsamara\.ru
(^|\.)leopipe\.ru
(^|\.)kronotech\.ru
(^|\.)pkprom\.com
(^|\.)str-t\.ru
(^|\.)lesa-ufa\.ru
(^|\.)betonstroy-samara\.ru
(^|\.)beton-samarazavod\.ru
(^|\.)zavod-betonsamara\.ru
(^|\.)leopipe\.ru
(^|\.)kronotech\.ru
(^|\.)pkprom\.com
(^|\.)str-t\.ru
(^|\.)lesa-ufa\.ru
(^|\.)betonstroy-samara\.ru
(^|\.)beton-samarazavod\.ru
(^|\.)zavod-betonsamara\.ru
(^|\.)leopipe\.ru
(^|\.)kronotech\.ru
(^|\.)pkprom\.com
(^|\.)str-t\.ru
(^|\.)lesa-ufa\.ru
(^|\.)betonstroy-samara\.ru
(^|\.)beton-samarazavod\.ru
(^|\.)zavod-betonsamara\.ru
(^|\.)leopipe\.ru
(^|\.)kronotech\.ru
(^|\.)pkprom\.com
(^|\.)str-t\.ru
(^|\.)lesa-ufa\.ru
(^|\.)betonstroy-samara\.ru
(^|\.)beton-samarazavod\.ru
(^|\.)zavod-betonsamara\.ru
(^|\.)leopipe\.ru
(^|\.)kronotech\.ru
(^|\.)pkprom\.com
(^|\.)str-t\.ru
(^|\.)lesa-ufa\.ru
(^|\.)betonstroy-samara\.ru
(^|\.)beton-samarazavod\.ru
(^|\.)zavod-betonsamara\.ru
(^|\.)leopipe\.ru
(^|\.)kronotech\.ru
(^|\.)pkprom\.com
(^|\.)str-t\.ru
(^|\.)lesa-ufa\.ru
(^|\.)betonstroy-samara\.ru
(^|\.)beton-samarazavod\.ru
(^|\.)zavod-betonsamara\.ru
(^|\.)leopipe\.ru
(^|\.)kronotech\.ru
(^|\.)pkprom\.com
(^|\.)str-t\.ru
(^|\.)lesa-ufa\.ru
(^|\.)betonstroy-samara\.ru
(^|\.)beton-samarazavod\.ru
(^|\.)zavod-betonsamara\.ru
(^|\.)leopipe\.ru
(^|\.)kronotech\.ru
(^|\.)pkprom\.com
(^|\.)str-t\.ru
(^|\.)lesa-ufa\.ru
(^|\.)betonstroy-samara\.ru
(^|\.)beton-samarazavod\.ru
(^|\.)zavod-betonsamara\.ru
(^|\.)leopipe\.ru
(^|\.)kronotech\.ru
(^|\.)pkprom\.com
(^|\.)str-t\.ru
(^|\.)lesa-ufa\.ru
(^|\.)betonstroy-samara\.ru
(^|\.)beton-samarazavod\.ru
(^|\.)zavod-betonsamara\.ru
(^|\.)leopipe\.ru
(^|\.)kronotech\.ru
(^|\.)pkprom\.com
(^|\.)str-t\.ru
(^|\.)lesa-ufa\.ru
(^|\.)betonstroy-samara\.ru
(^|\.)beton-samarazavod\.ru
(^|\.)zavod-betonsamara\.ru
(^|\.)leopipe\.ru
(^|\.)kronotech\.ru
(^|\.)pkprom\.com
(^|\.)str-t\.ru
(^|\.)lesa-ufa\.ru
(^|\.)betonstroy-samara\.ru
(^|\.)beton-samarazavod\.ru
(^|\.)zavod-betonsamara\.ru
(^|\.)leopipe\.ru
(^|\.)kronotech\.ru
(^|\.)pkprom\.com
(^|\.)str-t\.ru
(^|\.)lesa-ufa\.ru
(^|\.)betonstroy-samara\.ru
(^|\.)beton-samarazavod\.ru
(^|\.)zavod-betonsamara\.ru
(^|\.)leopipe\.ru
(^|\.)kronotech\.ru
(^|\.)pkprom\.com
(^|\.)str-t\.ru
(^|\.)lesa-ufa\.ru
(^|\.)betonstroy-samara\.ru
(^|\.)beton-samarazavod\.ru
(^|\.)zavod-betonsamara\.ru
(^|\.)leopipe\.ru
(^|\.)kronotech\.ru
(^|\.)pkprom\.com
(^|\.)str-t\.ru
(^|\.)lesa-ufa\.ru
(^|\.)betonstroy-samara\.ru
(^|\.)beton-samarazavod\.ru
(^|\.)zavod-betonsamara\.ru
(^|\.)leopipe\.ru
(^|\.)kronotech\.ru
(^|\.)pkprom\.com
(^|\.)str-t\.ru
(^|\.)lesa-ufa\.ru
(^|\.)betonstroy-samara\.ru
(^|\.)beton-samarazavod\.ru
(^|\.)zavod-betonsamara\.ru
(^|\.)leopipe\.ru
(^|\.)kronotech\.ru
(^|\.)pkprom\.com
(^|\.)str-t\.ru
(^|\.)lesa-ufa\.ru
(^|\.)betonstroy-samara\.ru
(^|\.)beton-samarazavod\.ru
(^|\.)zavod-betonsamara\.ru
(^|\.)leopipe\.ru
(^|\.)kronotech\.ru
(^|\.)pkprom\.com
(^|\.)str-t\.ru
(^|\.)lesa-ufa\.ru
(^|\.)betonstroy-samara\.ru
(^|\.)beton-samarazavod\.ru
(^|\.)zavod-betonsamara\.ru
(^|\.)leopipe\.ru
(^|\.)kronotech\.ru
(^|\.)pkprom\.com
(^|\.)str-t\.ru
(^|\.)lesa-ufa\.ru
